src/app/feature-builder/featurePrompts.ts(92,1): error TS1005: '}' expected.
